// Jest Snapshot v1, https://goo.gl/fbAQLP

exports[`CreditCardVisualizationComponent should match the snapshot 1`] = `"<div id=\\"root1\\" ng-version=\\"8.2.14\\"><app-credit-card></app-credit-card></div>"`;
