// Jest Snapshot v1, https://goo.gl/fbAQLP

exports[`AppComponent should match the snapshot 1`] = `"<div id=\\"root1\\" ng-version=\\"8.2.14\\"><app-header></app-header><router-outlet></router-outlet></div>"`;
